  Determining projects to restore...
  All projects are up-to-date for restore.
  DataAccess -> /Users/romanbulgac/Documents/University/Semestru VI/TAP/Proiect/DataAccess/bin/Debug/net8.0/DataAccess.dll
  BusinessLayer -> /Users/romanbulgac/Documents/University/Semestru VI/TAP/Proiect/BusinessLayer/bin/Debug/net8.0/BusinessLayer.dll
/Users/romanbulgac/Documents/University/Semestru VI/TAP/Proiect/BlazorClient/Shared/MainLayout.razor(186,86): error CS1012: Too many characters in character literal [/Users/romanbulgac/Documents/University/Semestru VI/TAP/Proiect/BlazorClient/BlazorClient.csproj]
/Users/romanbulgac/Documents/University/Semestru VI/TAP/Proiect/BlazorClient/Shared/MainLayout.razor(216,102): error CS1012: Too many characters in character literal [/Users/romanbulgac/Documents/University/Semestru VI/TAP/Proiect/BlazorClient/BlazorClient.csproj]
/Users/romanbulgac/.nuget/packages/microsoft.net.test.sdk/17.9.0/build/netcoreapp3.1/Microsoft.NET.Test.Sdk.Program.cs(4,41): warning CS7022: The entry point of the program is global code; ignoring 'AutoGeneratedProgram.Main(string[])' entry point. [/Users/romanbulgac/Documents/University/Semestru VI/TAP/Proiect/BlazorClient/BlazorClient.csproj]
/Users/romanbulgac/Documents/University/Semestru VI/TAP/Proiect/BlazorClient/Components/NotionSidebar.razor(86,35): warning CS1998: This async method lacks 'await' operators and will run synchronously. Consider using the 'await' operator to await non-blocking API calls, or 'await Task.Run(...)' to do CPU-bound work on a background thread. [/Users/romanbulgac/Documents/University/Semestru VI/TAP/Proiect/BlazorClient/BlazorClient.csproj]
/Users/romanbulgac/Documents/University/Semestru VI/TAP/Proiect/BlazorClient/Shared/SidebarNavigation.razor(66,13): warning CS4014: Because this call is not awaited, execution of the current method continues before the call is completed. Consider applying the 'await' operator to the result of the call. [/Users/romanbulgac/Documents/University/Semestru VI/TAP/Proiect/BlazorClient/BlazorClient.csproj]
/Users/romanbulgac/Documents/University/Semestru VI/TAP/Proiect/BlazorClient/Shared/NavMenu.razor(66,13): warning CS4014: Because this call is not awaited, execution of the current method continues before the call is completed. Consider applying the 'await' operator to the result of the call. [/Users/romanbulgac/Documents/University/Semestru VI/TAP/Proiect/BlazorClient/BlazorClient.csproj]
/Users/romanbulgac/Documents/University/Semestru VI/TAP/Proiect/BlazorClient/Pages/Notifications.razor(108,9): warning CS4014: Because this call is not awaited, execution of the current method continues before the call is completed. Consider applying the 'await' operator to the result of the call. [/Users/romanbulgac/Documents/University/Semestru VI/TAP/Proiect/BlazorClient/BlazorClient.csproj]
/Users/romanbulgac/Documents/University/Semestru VI/TAP/Proiect/BlazorClient/Pages/Notifications.razor(156,24): warning CS1998: This async method lacks 'await' operators and will run synchronously. Consider using the 'await' operator to await non-blocking API calls, or 'await Task.Run(...)' to do CPU-bound work on a background thread. [/Users/romanbulgac/Documents/University/Semestru VI/TAP/Proiect/BlazorClient/BlazorClient.csproj]
/Users/romanbulgac/Documents/University/Semestru VI/TAP/Proiect/BlazorClient/Pages/Notifications.razor(182,28): warning CS1998: This async method lacks 'await' operators and will run synchronously. Consider using the 'await' operator to await non-blocking API calls, or 'await Task.Run(...)' to do CPU-bound work on a background thread. [/Users/romanbulgac/Documents/University/Semestru VI/TAP/Proiect/BlazorClient/BlazorClient.csproj]
/Users/romanbulgac/Documents/University/Semestru VI/TAP/Proiect/BlazorClient/Shared/MainLayout.razor(251,35): warning CS1998: This async method lacks 'await' operators and will run synchronously. Consider using the 'await' operator to await non-blocking API calls, or 'await Task.Run(...)' to do CPU-bound work on a background thread. [/Users/romanbulgac/Documents/University/Semestru VI/TAP/Proiect/BlazorClient/BlazorClient.csproj]
/Users/romanbulgac/Documents/University/Semestru VI/TAP/Proiect/BlazorClient/Shared/MainLayout.razor(287,35): warning CS1998: This async method lacks 'await' operators and will run synchronously. Consider using the 'await' operator to await non-blocking API calls, or 'await Task.Run(...)' to do CPU-bound work on a background thread. [/Users/romanbulgac/Documents/University/Semestru VI/TAP/Proiect/BlazorClient/BlazorClient.csproj]
/Users/romanbulgac/Documents/University/Semestru VI/TAP/Proiect/BlazorClient/Pages/ConsultationDetail.razor(269,18): warning CS0414: The field 'ConsultationDetail.isLoading' is assigned but its value is never used [/Users/romanbulgac/Documents/University/Semestru VI/TAP/Proiect/BlazorClient/BlazorClient.csproj]

Build FAILED.

/Users/romanbulgac/.nuget/packages/microsoft.net.test.sdk/17.9.0/build/netcoreapp3.1/Microsoft.NET.Test.Sdk.Program.cs(4,41): warning CS7022: The entry point of the program is global code; ignoring 'AutoGeneratedProgram.Main(string[])' entry point. [/Users/romanbulgac/Documents/University/Semestru VI/TAP/Proiect/BlazorClient/BlazorClient.csproj]
/Users/romanbulgac/Documents/University/Semestru VI/TAP/Proiect/BlazorClient/Components/NotionSidebar.razor(86,35): warning CS1998: This async method lacks 'await' operators and will run synchronously. Consider using the 'await' operator to await non-blocking API calls, or 'await Task.Run(...)' to do CPU-bound work on a background thread. [/Users/romanbulgac/Documents/University/Semestru VI/TAP/Proiect/BlazorClient/BlazorClient.csproj]
/Users/romanbulgac/Documents/University/Semestru VI/TAP/Proiect/BlazorClient/Shared/SidebarNavigation.razor(66,13): warning CS4014: Because this call is not awaited, execution of the current method continues before the call is completed. Consider applying the 'await' operator to the result of the call. [/Users/romanbulgac/Documents/University/Semestru VI/TAP/Proiect/BlazorClient/BlazorClient.csproj]
/Users/romanbulgac/Documents/University/Semestru VI/TAP/Proiect/BlazorClient/Shared/NavMenu.razor(66,13): warning CS4014: Because this call is not awaited, execution of the current method continues before the call is completed. Consider applying the 'await' operator to the result of the call. [/Users/romanbulgac/Documents/University/Semestru VI/TAP/Proiect/BlazorClient/BlazorClient.csproj]
/Users/romanbulgac/Documents/University/Semestru VI/TAP/Proiect/BlazorClient/Pages/Notifications.razor(108,9): warning CS4014: Because this call is not awaited, execution of the current method continues before the call is completed. Consider applying the 'await' operator to the result of the call. [/Users/romanbulgac/Documents/University/Semestru VI/TAP/Proiect/BlazorClient/BlazorClient.csproj]
/Users/romanbulgac/Documents/University/Semestru VI/TAP/Proiect/BlazorClient/Pages/Notifications.razor(156,24): warning CS1998: This async method lacks 'await' operators and will run synchronously. Consider using the 'await' operator to await non-blocking API calls, or 'await Task.Run(...)' to do CPU-bound work on a background thread. [/Users/romanbulgac/Documents/University/Semestru VI/TAP/Proiect/BlazorClient/BlazorClient.csproj]
/Users/romanbulgac/Documents/University/Semestru VI/TAP/Proiect/BlazorClient/Pages/Notifications.razor(182,28): warning CS1998: This async method lacks 'await' operators and will run synchronously. Consider using the 'await' operator to await non-blocking API calls, or 'await Task.Run(...)' to do CPU-bound work on a background thread. [/Users/romanbulgac/Documents/University/Semestru VI/TAP/Proiect/BlazorClient/BlazorClient.csproj]
/Users/romanbulgac/Documents/University/Semestru VI/TAP/Proiect/BlazorClient/Shared/MainLayout.razor(251,35): warning CS1998: This async method lacks 'await' operators and will run synchronously. Consider using the 'await' operator to await non-blocking API calls, or 'await Task.Run(...)' to do CPU-bound work on a background thread. [/Users/romanbulgac/Documents/University/Semestru VI/TAP/Proiect/BlazorClient/BlazorClient.csproj]
/Users/romanbulgac/Documents/University/Semestru VI/TAP/Proiect/BlazorClient/Shared/MainLayout.razor(287,35): warning CS1998: This async method lacks 'await' operators and will run synchronously. Consider using the 'await' operator to await non-blocking API calls, or 'await Task.Run(...)' to do CPU-bound work on a background thread. [/Users/romanbulgac/Documents/University/Semestru VI/TAP/Proiect/BlazorClient/BlazorClient.csproj]
/Users/romanbulgac/Documents/University/Semestru VI/TAP/Proiect/BlazorClient/Pages/ConsultationDetail.razor(269,18): warning CS0414: The field 'ConsultationDetail.isLoading' is assigned but its value is never used [/Users/romanbulgac/Documents/University/Semestru VI/TAP/Proiect/BlazorClient/BlazorClient.csproj]
/Users/romanbulgac/Documents/University/Semestru VI/TAP/Proiect/BlazorClient/Shared/MainLayout.razor(186,86): error CS1012: Too many characters in character literal [/Users/romanbulgac/Documents/University/Semestru VI/TAP/Proiect/BlazorClient/BlazorClient.csproj]
/Users/romanbulgac/Documents/University/Semestru VI/TAP/Proiect/BlazorClient/Shared/MainLayout.razor(216,102): error CS1012: Too many characters in character literal [/Users/romanbulgac/Documents/University/Semestru VI/TAP/Proiect/BlazorClient/BlazorClient.csproj]
    10 Warning(s)
    2 Error(s)

Time Elapsed 00:00:01.14
